

$display(5,,2,,3);
$display(1,,"B",,3);
$display(5,,2,,);



 $display(1,,,,3);
 $display(5,,2,,"C");
 $display(5,,2,,"C");



 $display(1,,0,,"C");
 $display(5,,0,,"C");
