
logic [1:8] data;
//define a nand with variable delay

nand #(2) g121 (q21, n10, n11);
nand #(5) g122 (q22, n10, n11);
