// https://www.veripool.org/papers/Preproc_Good_Evil_SNUGBos10_paper.pdf







0
1
