// https://www.veripool.org/papers/Preproc_Good_Evil_SNUGBos10_paper.pdf p



 
       $display("Format a=%x, b=%x",a,b,); 
