


"abc"(123)
"abc"(123, "a"
 , "b", 1++<<<
    >> )
456
// `m2(