// https://www.veripool.org/papers/Preproc_Good_Evil_SNUGBos10_paper.pdf

// Read hash: hash[key]

// Store hash: hash[key] = v 


// Hash exists: defined(hash[key]) 


// For wrapping defines
// Note the backslash newline on the `define line 
// and the newline following, required to form the end of a define 


// If  defined(<d>) then 1 else 0 



     
     
     
     
     
     

0 1 2 
10 11 12
